 gcc -g p2original.c
îº§ gdb a.out
GNU gdb (Ubuntu 8.1.1-0ubuntu1) 8.1.1
Copyright (C) 2018 Free Software Foundation, Inc.
License GPLv3+: GNU GPL version 3 or later <http://gnu.org/licenses/gpl.html>
This is free software: you are free to change and redistribute it.
There is NO WARRANTY, to the extent permitted by law.  Type "show copying"
and "show warranty" for details.
This GDB was configured as "x86_64-linux-gnu".
Type "show configuration" for configuration details.
For bug reporting instructions, please see:
<http://www.gnu.org/software/gdb/bugs/>.
Find the GDB manual and other documentation resources online at:
<http://www.gnu.org/software/gdb/documentation/>.
For help, type "help".
Type "apropos word" to search for commands related to "word"...
Reading symbols from a.out...done.
(gdb) b main
Breakpoint 1 at 0x850: file p2original.c, line 31.
(gdb) r
Starting program: /home/runner/ppa-IA2-practice2-9/a.out 
warning: Error disabling address space randomization: Operation not permitted

Breakpoint 1, main () at p2original.c:31
31    a=input_side();
(gdb) s
input_side () at p2original.c:3
3   {
(gdb) n
5     printf("enter a side of the triangle:\n");
(gdb) n
enter a side of the triangle:
6     scanf("%d",&n);
(gdb) n
2
7     return n;
(gdb) n
8   }
(gdb) p a
No symbol "a" in current context.
(gdb) p n
$1 = 2
(gdb) n
main () at p2original.c:32
32    b=input_side();
(gdb) s
input_side () at p2original.c:3
3   {
(gdb) n
5     printf("enter a side of the triangle:\n");
(gdb) n
enter a side of the triangle:
6     scanf("%d",&n);
(gdb) n
4
7     return n;
(gdb) n
8   }
(gdb) p n
$2 = 4
(gdb) n
main () at p2original.c:33
33    c=input_side();
(gdb) s
input_side () at p2original.c:3
3   {
(gdb) n
5     printf("enter a side of the triangle:\n");
(gdb) n
enter a side of the triangle:
6     scanf("%d",&n);
(gdb) n
6
7     return n;
(gdb) n
8   }
(gdb) p n
$3 = 6
(gdb) n
main () at p2original.c:34
34    isscalene=check_scalene(a,b,c);
(gdb) s
check_scalene (a=2, b=4, c=6) at p2original.c:11
11    if(a!=b&&a!=c&&b!=c)
(gdb) n
13      return 1;
(gdb) n
16  }
(gdb) n
main () at p2original.c:35
35    output(a,b,c,isscalene);
(gdb) s
output (a=2, b=4, c=6, isscalene=1) at p2original.c:19
19    if(isscalene==0)
(gdb) n
25      printf("The triangle with sides %d,%d and %d is not scalene\n",a,b,c);
(gdb) n
The triangle with sides 2,4 and 6 is not scalene
27  }
(gdb) n
main () at p2original.c:36
36    return 0;
(gdb) n
37  }(gdb) c
Continuing.
[Inferior 1 (process 2079) exited normally]
